{
  "COM": "COM38",
  "Empresa": null,
  "URLDefault": "http://testing.server.dcm.com.ar:9000/api/dni/habilitado",
  "URLActual": null,
  "URLImagenEncabezado": null,
  "URLImagenPie": null,
  "Texto1": null,
  "Texto2": null,
  "Texto3": null,
  "EnlaceInfo": null,
  "MensajeDisconnect": "No hay conexi\u00F3n al servidor.",
  "MensajeDenegadoDefault": "Lectura inv\u00E1lida.",
  "HasMensajeDenegado": false,
  "TiempoDesconectado": 5000,
  "TiempoAceptado": 5000,
  "TiempoDenegado": 5000,
  "AltoPesta\u00F1a": 600,
  "AnchoPesta\u00F1a": 500,
  "HorizontalPesta\u00F1a": null,
  "VerticalPesta\u00F1a": null
}