{
  "COM": null,
  "Empresa": null,
  "URLDefault": null,
  "URLActual": null,
  "Texto1": null,
  "Texto2": null,
  "Texto3": null,
  "EnlaceInfo": null,
  "MensajeDisconnect": null,
  "MensajeDenegadoDefault": null,
  "HasMensajeDenegado": null,
  "TiempoDesconectado": null,
  "TiempoAceptado": null,
  "TiempoDenegado": null,
  "AltoPesta\u00F1a": null,
  "AnchoPesta\u00F1a": null
}