{
  "COM": "COM38",
  "Empresa": null,
  "URLDefault": "http://localhost:5020/api/dni",
  "URLActual": null,
  "URLImagenEncabezado": null,
  "URLImagenPie": null,
  "Texto1": "Hola somos DCM",
  "Texto2": "Pedro Pe\u00F1a",
  "Texto3": "A casa",
  "EnlaceInfo": "http://localhost:5000",
  "MensajeDisconnect": "No hay conexi\u00F3n al servidor. jaja salu2",
  "MensajeDenegadoDefault": "Lectura fea.",
  "HasMensajeDenegado": true,
  "TiempoDesconectado": 100,
  "TiempoAceptado": 5000,
  "TiempoDenegado": 10000,
  "AltoPesta\u00F1a": 600,
  "AnchoPesta\u00F1a": 400,
  "HorizontalPesta\u00F1a": 480,
  "VerticalPesta\u00F1a": 260
}